bit(0, transform-func-1).
bit(1, transform-func-2).
btree(empty, transform-func-3).
btree(tree(V_2i, V_3i, V_4i), transform-func-4(V_5i, V_6i, V_7i)) :- btree(V_2i, V_5i), bit(V_3i, V_6i), btree(V_4i, V_7i).
