eq(pair(V_2i, V_3i), transform-func-1(V_5i, V_6i)) :- eq(V_2i, V_5i), eq(V_3i, V_6i).
eq(V_4i, transform-func-2).
