p(V_2, transform-func-1(V_-3)) :- p(s(V_2), V_-3).
