q(V_2i, transform-func-1(V_4c)) :- p(V_2i, V_4c).
p(0, transform-func-2(V_5c)) :- q(V_3i, V_5c).
