q(V_2i, V_2i, V_3i, V_4i, transform-func-1(V_8c)) :- p(V_3i, V_4i, V_3i, V_4i, V_8c).
p(V_5i, V_5i, V_6i, V_7i, transform-func-2(V_9c)) :- q(V_6i, V_7i, V_6i, V_7i, V_9c).
