stream2(scons(V_2i, V_3i), transform-func-1(V_4i, V_5c)) :- bit(V_2i, V_4i), stream2(scons(V_2i, V_3i), V_5c).
