q(s(f(s(V_2), V_3)), transform-func-1(V_-4)) :- q(s(f(V_3, V_3)), V_-4).
