f(s(V_2i), V_3i, transform-func-1(V_5c)) :- f(V_3i, s(V_4i), V_5c).
