q(V_2, 0, transform-func-1(V_-4)) :- p(V_2, 0, V_-4).
p(0, V_3, transform-func-2(V_-5)) :- q(0, V_3, V_-5).
