p(c1, transform-func-1).
p(V_2i, transform-func-2(V_3i, V_4c, V_5i)) :- q(V_2i, V_3i), p(V_2i, V_4c), q(V_2i, V_5i).
