q(s(V_2), V_3, transform-func-1(V_-6)) :- p(V_2, V_3, V_-6).
p(t(V_4), V_5, transform-func-2(V_-7)) :- q(V_5, V_5, V_-7).
