p(1, transform-func-1).
p(V_2, transform-func-2(V_4, V_-5, V_6)) :- q(V_2, V_4), p2(V_2, V_-5), q(V_2, V_6).
p2(V_3, transform-func-3(V_-7)) :- p(V_3, V_-7).
