q(f(V_2i), f(V_2i), V_3i, V_4i, transform-func-1(V_8c)) :- p(t(V_3i), t(V_4i), V_3i, V_4i, V_8c).
p(t(V_5i), t(V_5i), V_6i, V_7i, transform-func-2(V_9c)) :- q(f(V_6i), f(V_7i), V_6i, V_7i, V_9c).
