q(s(s(V_2, V_3), V_4), 1, transform-func-1(V_-8)) :- q(s(V_4, s(V_2, V_3)), 2, V_-8).
q(s(V_5, s(V_6, V_7)), 2, transform-func-2(V_-9)) :- q(s(s(V_6, V_7), V_5), 1, V_-9).
